 ******* Program HYDRUS
 ******* 
 Welcome to HYDRUS-1D                                                    
 Date:  20. 4.2026    Time:  18:56:43
 Units: L = cm   , T = sec  , M = mmol 

----------------------------------------------------------
 Time       [T]        0.0000
----------------------------------------------------------
 Sub-region num.                     1
----------------------------------------------------------
 Length   [L]        0.10000E+03  0.10000E+03
 W-volume [L]        0.42860E+02  0.42860E+02
 In-flow  [L/T]      0.00000E+00  0.00000E+00
 h Mean   [L]       -0.10000E+01 -0.10000E+01
 Top Flux [L/T]     -0.76034E-02
 Bot Flux [L/T]     -0.76034E-02
----------------------------------------------------------

----------------------------------------------------------
 Time       [T]        1.0000
----------------------------------------------------------
 Sub-region num.                     1
----------------------------------------------------------
 Length   [L]        0.10000E+03  0.10000E+03
 W-volume [L]        0.42852E+02  0.42852E+02
 In-flow  [L/T]     -0.76035E-02 -0.76035E-02
 h Mean   [L]       -0.10138E+01 -0.10138E+01
 Top Flux [L/T]     -0.33731E-02
 Bot Flux [L/T]     -0.76034E-02
 WatBalT  [L]        0.73481E-06
 WatBalR  [%]              0.010
----------------------------------------------------------

----------------------------------------------------------
 Time       [T]       10.0000
----------------------------------------------------------
 Sub-region num.                     1
----------------------------------------------------------
 Length   [L]        0.10000E+03  0.10000E+03
 W-volume [L]        0.42784E+02  0.42784E+02
 In-flow  [L/T]     -0.76033E-02 -0.76033E-02
 h Mean   [L]       -0.10919E+01 -0.10919E+01
 Top Flux [L/T]     -0.11745E-02
 Bot Flux [L/T]     -0.76034E-02
 WatBalT  [L]       -0.41202E-05
 WatBalR  [%]              0.005
----------------------------------------------------------

----------------------------------------------------------
 Time       [T]       50.0000
----------------------------------------------------------
 Sub-region num.                     1
----------------------------------------------------------
 Length   [L]        0.10000E+03  0.10000E+03
 W-volume [L]        0.42480E+02  0.42480E+02
 In-flow  [L/T]     -0.76034E-02 -0.76034E-02
 h Mean   [L]       -0.13520E+01 -0.13520E+01
 Top Flux [L/T]     -0.47208E-03
 Bot Flux [L/T]     -0.76034E-02
 WatBalT  [L]        0.36299E-04
 WatBalR  [%]              0.010
----------------------------------------------------------

----------------------------------------------------------
 Time       [T]      100.0000
----------------------------------------------------------
 Sub-region num.                     1
----------------------------------------------------------
 Length   [L]        0.10000E+03  0.10000E+03
 W-volume [L]        0.42100E+02  0.42100E+02
 In-flow  [L/T]     -0.75979E-02 -0.75979E-02
 h Mean   [L]       -0.16380E+01 -0.16380E+01
 Top Flux [L/T]     -0.26833E-03
 Bot Flux [L/T]     -0.75975E-02
 WatBalT  [L]        0.38683E-04
 WatBalR  [%]              0.005
----------------------------------------------------------

----------------------------------------------------------
 Time       [T]      250.0000
----------------------------------------------------------
 Sub-region num.                     1
----------------------------------------------------------
 Length   [L]        0.10000E+03  0.10000E+03
 W-volume [L]        0.40981E+02  0.40981E+02
 In-flow  [L/T]     -0.73500E-02 -0.73500E-02
 h Mean   [L]       -0.23944E+01 -0.23944E+01
 Top Flux [L/T]     -0.11048E-03
 Bot Flux [L/T]     -0.73450E-02
 WatBalT  [L]        0.38862E-04
 WatBalR  [%]              0.002
----------------------------------------------------------

----------------------------------------------------------
 Time       [T]      500.0000
----------------------------------------------------------
 Sub-region num.                     1
----------------------------------------------------------
 Length   [L]        0.10000E+03  0.10000E+03
 W-volume [L]        0.39266E+02  0.39266E+02
 In-flow  [L/T]     -0.65698E-02 -0.65698E-02
 h Mean   [L]       -0.33291E+01 -0.33291E+01
 Top Flux [L/T]     -0.56331E-04
 Bot Flux [L/T]     -0.65603E-02
 WatBalT  [L]        0.26464E-04
 WatBalR  [%]              0.001
----------------------------------------------------------

----------------------------------------------------------
 Time       [T]     1000.0000
----------------------------------------------------------
 Sub-region num.                     1
----------------------------------------------------------
 Length   [L]        0.10000E+03  0.10000E+03
 W-volume [L]        0.36440E+02  0.36440E+02
 In-flow  [L/T]     -0.50947E-02 -0.50947E-02
 h Mean   [L]       -0.45454E+01 -0.45454E+01
 Top Flux [L/T]     -0.25089E-04
 Bot Flux [L/T]     -0.50805E-02
 WatBalT  [L]        0.35286E-04
 WatBalR  [%]              0.001
----------------------------------------------------------

----------------------------------------------------------
 Time       [T]     2000.0000
----------------------------------------------------------
 Sub-region num.                     1
----------------------------------------------------------
 Length   [L]        0.10000E+03  0.10000E+03
 W-volume [L]        0.32455E+02  0.32455E+02
 In-flow  [L/T]     -0.32774E-02 -0.32774E-02
 h Mean   [L]       -0.60041E+01 -0.60041E+01
 Top Flux [L/T]     -0.96282E-05
 Bot Flux [L/T]     -0.32621E-02
 WatBalT  [L]        0.36240E-04
 WatBalR  [%]              0.000
----------------------------------------------------------

----------------------------------------------------------
 Time       [T]     3000.0000
----------------------------------------------------------
 Sub-region num.                     1
----------------------------------------------------------
 Length   [L]        0.10000E+03  0.10000E+03
 W-volume [L]        0.29801E+02  0.29801E+02
 In-flow  [L/T]     -0.23143E-02 -0.23143E-02
 h Mean   [L]       -0.69450E+01 -0.69450E+01
 Top Flux [L/T]     -0.62830E-05
 Bot Flux [L/T]     -0.23039E-02
 WatBalT  [L]        0.38147E-04
 WatBalR  [%]              0.000
----------------------------------------------------------

----------------------------------------------------------
 Time       [T]     4000.0000
----------------------------------------------------------
 Sub-region num.                     1
----------------------------------------------------------
 Length   [L]        0.10000E+03  0.10000E+03
 W-volume [L]        0.27862E+02  0.27862E+02
 In-flow  [L/T]     -0.16434E-02 -0.16434E-02
 h Mean   [L]       -0.76524E+01 -0.76524E+01
 Top Flux [L/T]     -0.37467E-05
 Bot Flux [L/T]     -0.16333E-02
 WatBalT  [L]        0.36240E-04
 WatBalR  [%]              0.000
----------------------------------------------------------

----------------------------------------------------------
 Time       [T]     5000.0000
----------------------------------------------------------
 Sub-region num.                     1
----------------------------------------------------------
 Length   [L]        0.10000E+03  0.10000E+03
 W-volume [L]        0.26420E+02  0.26420E+02
 In-flow  [L/T]     -0.13481E-02 -0.13481E-02
 h Mean   [L]       -0.82052E+01 -0.82052E+01
 Top Flux [L/T]     -0.22763E-05
 Bot Flux [L/T]     -0.13434E-02
 WatBalT  [L]        0.38147E-04
 WatBalR  [%]              0.000
----------------------------------------------------------

----------------------------------------------------------
 Time       [T]     6000.0000
----------------------------------------------------------
 Sub-region num.                     1
----------------------------------------------------------
 Length   [L]        0.10000E+03  0.10000E+03
 W-volume [L]        0.25181E+02  0.25181E+02
 In-flow  [L/T]     -0.11343E-02 -0.11343E-02
 h Mean   [L]       -0.86965E+01 -0.86965E+01
 Top Flux [L/T]     -0.21545E-05
 Bot Flux [L/T]     -0.11264E-02
 WatBalT  [L]        0.36240E-04
 WatBalR  [%]              0.000
----------------------------------------------------------

----------------------------------------------------------
 Time       [T]     7000.0000
----------------------------------------------------------
 Sub-region num.                     1
----------------------------------------------------------
 Length   [L]        0.10000E+03  0.10000E+03
 W-volume [L]        0.24189E+02  0.24189E+02
 In-flow  [L/T]     -0.87915E-03 -0.87915E-03
 h Mean   [L]       -0.91103E+01 -0.91103E+01
 Top Flux [L/T]     -0.19218E-05
 Bot Flux [L/T]     -0.87166E-03
 WatBalT  [L]        0.38147E-04
 WatBalR  [%]              0.000
----------------------------------------------------------

----------------------------------------------------------
 Time       [T]     8000.0000
----------------------------------------------------------
 Sub-region num.                     1
----------------------------------------------------------
 Length   [L]        0.10000E+03  0.10000E+03
 W-volume [L]        0.23419E+02  0.23419E+02
 In-flow  [L/T]     -0.69960E-03 -0.69960E-03
 h Mean   [L]       -0.94544E+01 -0.94544E+01
 Top Flux [L/T]     -0.16707E-05
 Bot Flux [L/T]     -0.69566E-03
 WatBalT  [L]        0.43869E-04
 WatBalR  [%]              0.000
----------------------------------------------------------

----------------------------------------------------------
 Time       [T]     9000.0000
----------------------------------------------------------
 Sub-region num.                     1
----------------------------------------------------------
 Length   [L]        0.10000E+03  0.10000E+03
 W-volume [L]        0.22762E+02  0.22762E+02
 In-flow  [L/T]     -0.63759E-03 -0.63759E-03
 h Mean   [L]       -0.97629E+01 -0.97629E+01
 Top Flux [L/T]     -0.14785E-05
 Bot Flux [L/T]     -0.63639E-03
 WatBalT  [L]        0.36240E-04
 WatBalR  [%]              0.000
----------------------------------------------------------

----------------------------------------------------------
 Time       [T]    10000.0000
----------------------------------------------------------
 Sub-region num.                     1
----------------------------------------------------------
 Length   [L]        0.10000E+03  0.10000E+03
 W-volume [L]        0.22138E+02  0.22138E+02
 In-flow  [L/T]     -0.60977E-03 -0.60977E-03
 h Mean   [L]       -0.10061E+02 -0.10061E+02
 Top Flux [L/T]     -0.13253E-05
 Bot Flux [L/T]     -0.60753E-03
 WatBalT  [L]        0.32425E-04
 WatBalR  [%]              0.000
----------------------------------------------------------
 
 Calculation time [sec]  3.999996185302734E-002
